Added Component: Designator=P1(KRE1X2)
Add component (AddParameter): Name = "Accessory Type"; Value = "-"; VariantName = "[No Variations]"
Add component (AddParameter): Name = "Brand"; Value = "Cromax"; VariantName = "[No Variations]"
Add component (AddParameter): Name = "Category"; Value = "Headers & Wire Housings"; VariantName = "[No Variations]"
Add component (AddParameter): Name = "ComponentLink1Description"; Value = "http://loja.multcomercial.com.br/barra-de-pinos-simples-1x40-macho-bmo40-1e.html"; VariantName = "[No Variations]"
Add component (AddParameter): Name = "ComponentLink1URL"; Value = "http://loja.multcomercial.com.br/barra-de-pinos-simples-1x40-macho-bmo40-1e.html"; VariantName = "[No Variations]"
Add component (AddParameter): Name = "Contact Gender"; Value = "Pin (Male)"; VariantName = "[No Variations]"
Add component (AddParameter): Name = "Contact Plating"; Value = "Gold"; VariantName = "[No Variations]"
Add component (AddParameter): Name = "Contact Type"; Value = "-"; VariantName = "[No Variations]"
Add component (AddParameter): Name = "Manufacturer"; Value = "Cromax"; VariantName = "[No Variations]"
Add component (AddParameter): Name = "Manufacturer Part Number"; Value = "IMP10327"; VariantName = "[No Variations]"
Add component (AddParameter): Name = "Minimum Order Quantity"; Value = "1"; VariantName = "[No Variations]"
Add component (AddParameter): Name = "Mounting Angle"; Value = "Vertical"; VariantName = "[No Variations]"
Add component (AddParameter): Name = "Mounting Style"; Value = "Straight Pin"; VariantName = "[No Variations]"
Add component (AddParameter): Name = "Number of Positions"; Value = "40 Position"; VariantName = "[No Variations]"
Add component (AddParameter): Name = "Number of Rows"; Value = "1 Row"; VariantName = "[No Variations]"
Add component (AddParameter): Name = "Pitch"; Value = "2 mm"; VariantName = "[No Variations]"
Add component (AddParameter): Name = "Pricing 1"; Value = "1=1.00, 5=0.20 (BRL)"; VariantName = "[No Variations]"
Add component (AddParameter): Name = "Product"; Value = "Headers"; VariantName = "[No Variations]"
Add component (AddParameter): Name = "Product Category"; Value = "Accessories"; VariantName = "[No Variations]"
Add component (AddParameter): Name = "Reeling"; Value = "False"; VariantName = "[No Variations]"
Add component (AddParameter): Name = "RoHS"; Value = "RoHS Compliant"; VariantName = "[No Variations]"
Add component (AddParameter): Name = "RoHS - Mouser"; Value = "Y"; VariantName = "[No Variations]"
Add component (AddParameter): Name = "Row Spacing"; Value = "-"; VariantName = "[No Variations]"
Add component (AddParameter): Name = "Stock 1"; Value = "14"; VariantName = "[No Variations]"
Add component (AddParameter): Name = "Supplier 1"; Value = "Mult Comercial"; VariantName = "[No Variations]"
Add component (AddParameter): Name = "Supplier Part Number 1"; Value = "Barra de Pinos Simples 1x40 Macho BMO40-1E"; VariantName = "[No Variations]"
Add component (AddParameter): Name = "Termination Style"; Value = "Through Hole"; VariantName = "[No Variations]"
Add component (AddParameter): Name = "Type"; Value = "Breakaway"; VariantName = "[No Variations]"
Added Component: Designator=P2(KRE1X2)
Add component (AddParameter): Name = "Accessory Type"; Value = "-"; VariantName = "[No Variations]"
Add component (AddParameter): Name = "Brand"; Value = "Cromax"; VariantName = "[No Variations]"
Add component (AddParameter): Name = "Category"; Value = "Headers & Wire Housings"; VariantName = "[No Variations]"
Add component (AddParameter): Name = "ComponentLink1Description"; Value = "http://loja.multcomercial.com.br/barra-de-pinos-simples-1x40-macho-bmo40-1e.html"; VariantName = "[No Variations]"
Add component (AddParameter): Name = "ComponentLink1URL"; Value = "http://loja.multcomercial.com.br/barra-de-pinos-simples-1x40-macho-bmo40-1e.html"; VariantName = "[No Variations]"
Add component (AddParameter): Name = "Contact Gender"; Value = "Pin (Male)"; VariantName = "[No Variations]"
Add component (AddParameter): Name = "Contact Plating"; Value = "Gold"; VariantName = "[No Variations]"
Add component (AddParameter): Name = "Contact Type"; Value = "-"; VariantName = "[No Variations]"
Add component (AddParameter): Name = "Manufacturer"; Value = "Cromax"; VariantName = "[No Variations]"
Add component (AddParameter): Name = "Manufacturer Part Number"; Value = "IMP10327"; VariantName = "[No Variations]"
Add component (AddParameter): Name = "Minimum Order Quantity"; Value = "1"; VariantName = "[No Variations]"
Add component (AddParameter): Name = "Mounting Angle"; Value = "Vertical"; VariantName = "[No Variations]"
Add component (AddParameter): Name = "Mounting Style"; Value = "Straight Pin"; VariantName = "[No Variations]"
Add component (AddParameter): Name = "Number of Positions"; Value = "40 Position"; VariantName = "[No Variations]"
Add component (AddParameter): Name = "Number of Rows"; Value = "1 Row"; VariantName = "[No Variations]"
Add component (AddParameter): Name = "Pitch"; Value = "2 mm"; VariantName = "[No Variations]"
Add component (AddParameter): Name = "Pricing 1"; Value = "1=1.00, 5=0.20 (BRL)"; VariantName = "[No Variations]"
Add component (AddParameter): Name = "Product"; Value = "Headers"; VariantName = "[No Variations]"
Add component (AddParameter): Name = "Product Category"; Value = "Accessories"; VariantName = "[No Variations]"
Add component (AddParameter): Name = "Reeling"; Value = "False"; VariantName = "[No Variations]"
Add component (AddParameter): Name = "RoHS"; Value = "RoHS Compliant"; VariantName = "[No Variations]"
Add component (AddParameter): Name = "RoHS - Mouser"; Value = "Y"; VariantName = "[No Variations]"
Add component (AddParameter): Name = "Row Spacing"; Value = "-"; VariantName = "[No Variations]"
Add component (AddParameter): Name = "Stock 1"; Value = "14"; VariantName = "[No Variations]"
Add component (AddParameter): Name = "Supplier 1"; Value = "Mult Comercial"; VariantName = "[No Variations]"
Add component (AddParameter): Name = "Supplier Part Number 1"; Value = "Barra de Pinos Simples 1x40 Macho BMO40-1E"; VariantName = "[No Variations]"
Add component (AddParameter): Name = "Termination Style"; Value = "Through Hole"; VariantName = "[No Variations]"
Add component (AddParameter): Name = "Type"; Value = "Breakaway"; VariantName = "[No Variations]"
Added Component: Designator=P3(KRE1X2)
Add component (AddParameter): Name = "Accessory Type"; Value = "-"; VariantName = "[No Variations]"
Add component (AddParameter): Name = "Brand"; Value = "Cromax"; VariantName = "[No Variations]"
Add component (AddParameter): Name = "Category"; Value = "Headers & Wire Housings"; VariantName = "[No Variations]"
Add component (AddParameter): Name = "ComponentLink1Description"; Value = "http://loja.multcomercial.com.br/barra-de-pinos-simples-1x40-macho-bmo40-1e.html"; VariantName = "[No Variations]"
Add component (AddParameter): Name = "ComponentLink1URL"; Value = "http://loja.multcomercial.com.br/barra-de-pinos-simples-1x40-macho-bmo40-1e.html"; VariantName = "[No Variations]"
Add component (AddParameter): Name = "Contact Gender"; Value = "Pin (Male)"; VariantName = "[No Variations]"
Add component (AddParameter): Name = "Contact Plating"; Value = "Gold"; VariantName = "[No Variations]"
Add component (AddParameter): Name = "Contact Type"; Value = "-"; VariantName = "[No Variations]"
Add component (AddParameter): Name = "Manufacturer"; Value = "Cromax"; VariantName = "[No Variations]"
Add component (AddParameter): Name = "Manufacturer Part Number"; Value = "IMP10327"; VariantName = "[No Variations]"
Add component (AddParameter): Name = "Minimum Order Quantity"; Value = "1"; VariantName = "[No Variations]"
Add component (AddParameter): Name = "Mounting Angle"; Value = "Vertical"; VariantName = "[No Variations]"
Add component (AddParameter): Name = "Mounting Style"; Value = "Straight Pin"; VariantName = "[No Variations]"
Add component (AddParameter): Name = "Number of Positions"; Value = "40 Position"; VariantName = "[No Variations]"
Add component (AddParameter): Name = "Number of Rows"; Value = "1 Row"; VariantName = "[No Variations]"
Add component (AddParameter): Name = "Pitch"; Value = "2 mm"; VariantName = "[No Variations]"
Add component (AddParameter): Name = "Pricing 1"; Value = "1=1.00, 5=0.20 (BRL)"; VariantName = "[No Variations]"
Add component (AddParameter): Name = "Product"; Value = "Headers"; VariantName = "[No Variations]"
Add component (AddParameter): Name = "Product Category"; Value = "Accessories"; VariantName = "[No Variations]"
Add component (AddParameter): Name = "Reeling"; Value = "False"; VariantName = "[No Variations]"
Add component (AddParameter): Name = "RoHS"; Value = "RoHS Compliant"; VariantName = "[No Variations]"
Add component (AddParameter): Name = "RoHS - Mouser"; Value = "Y"; VariantName = "[No Variations]"
Add component (AddParameter): Name = "Row Spacing"; Value = "-"; VariantName = "[No Variations]"
Add component (AddParameter): Name = "Stock 1"; Value = "14"; VariantName = "[No Variations]"
Add component (AddParameter): Name = "Supplier 1"; Value = "Mult Comercial"; VariantName = "[No Variations]"
Add component (AddParameter): Name = "Supplier Part Number 1"; Value = "Barra de Pinos Simples 1x40 Macho BMO40-1E"; VariantName = "[No Variations]"
Add component (AddParameter): Name = "Termination Style"; Value = "Through Hole"; VariantName = "[No Variations]"
Add component (AddParameter): Name = "Type"; Value = "Breakaway"; VariantName = "[No Variations]"
Added Component: Designator=P4(KRE1X2)
Add component (AddParameter): Name = "Accessory Type"; Value = "-"; VariantName = "[No Variations]"
Add component (AddParameter): Name = "Brand"; Value = "Cromax"; VariantName = "[No Variations]"
Add component (AddParameter): Name = "Category"; Value = "Headers & Wire Housings"; VariantName = "[No Variations]"
Add component (AddParameter): Name = "ComponentLink1Description"; Value = "http://loja.multcomercial.com.br/barra-de-pinos-simples-1x40-macho-bmo40-1e.html"; VariantName = "[No Variations]"
Add component (AddParameter): Name = "ComponentLink1URL"; Value = "http://loja.multcomercial.com.br/barra-de-pinos-simples-1x40-macho-bmo40-1e.html"; VariantName = "[No Variations]"
Add component (AddParameter): Name = "Contact Gender"; Value = "Pin (Male)"; VariantName = "[No Variations]"
Add component (AddParameter): Name = "Contact Plating"; Value = "Gold"; VariantName = "[No Variations]"
Add component (AddParameter): Name = "Contact Type"; Value = "-"; VariantName = "[No Variations]"
Add component (AddParameter): Name = "Manufacturer"; Value = "Cromax"; VariantName = "[No Variations]"
Add component (AddParameter): Name = "Manufacturer Part Number"; Value = "IMP10327"; VariantName = "[No Variations]"
Add component (AddParameter): Name = "Minimum Order Quantity"; Value = "1"; VariantName = "[No Variations]"
Add component (AddParameter): Name = "Mounting Angle"; Value = "Vertical"; VariantName = "[No Variations]"
Add component (AddParameter): Name = "Mounting Style"; Value = "Straight Pin"; VariantName = "[No Variations]"
Add component (AddParameter): Name = "Number of Positions"; Value = "40 Position"; VariantName = "[No Variations]"
Add component (AddParameter): Name = "Number of Rows"; Value = "1 Row"; VariantName = "[No Variations]"
Add component (AddParameter): Name = "Pitch"; Value = "2 mm"; VariantName = "[No Variations]"
Add component (AddParameter): Name = "Pricing 1"; Value = "1=1.00, 5=0.20 (BRL)"; VariantName = "[No Variations]"
Add component (AddParameter): Name = "Product"; Value = "Headers"; VariantName = "[No Variations]"
Add component (AddParameter): Name = "Product Category"; Value = "Accessories"; VariantName = "[No Variations]"
Add component (AddParameter): Name = "Reeling"; Value = "False"; VariantName = "[No Variations]"
Add component (AddParameter): Name = "RoHS"; Value = "RoHS Compliant"; VariantName = "[No Variations]"
Add component (AddParameter): Name = "RoHS - Mouser"; Value = "Y"; VariantName = "[No Variations]"
Add component (AddParameter): Name = "Row Spacing"; Value = "-"; VariantName = "[No Variations]"
Add component (AddParameter): Name = "Stock 1"; Value = "14"; VariantName = "[No Variations]"
Add component (AddParameter): Name = "Supplier 1"; Value = "Mult Comercial"; VariantName = "[No Variations]"
Add component (AddParameter): Name = "Supplier Part Number 1"; Value = "Barra de Pinos Simples 1x40 Macho BMO40-1E"; VariantName = "[No Variations]"
Add component (AddParameter): Name = "Termination Style"; Value = "Through Hole"; VariantName = "[No Variations]"
Add component (AddParameter): Name = "Type"; Value = "Breakaway"; VariantName = "[No Variations]"
Added Component: Designator=P5(KRE1X2)
Add component (AddParameter): Name = "Accessory Type"; Value = "-"; VariantName = "[No Variations]"
Add component (AddParameter): Name = "Brand"; Value = "Cromax"; VariantName = "[No Variations]"
Add component (AddParameter): Name = "Category"; Value = "Headers & Wire Housings"; VariantName = "[No Variations]"
Add component (AddParameter): Name = "ComponentLink1Description"; Value = "http://loja.multcomercial.com.br/barra-de-pinos-simples-1x40-macho-bmo40-1e.html"; VariantName = "[No Variations]"
Add component (AddParameter): Name = "ComponentLink1URL"; Value = "http://loja.multcomercial.com.br/barra-de-pinos-simples-1x40-macho-bmo40-1e.html"; VariantName = "[No Variations]"
Add component (AddParameter): Name = "Contact Gender"; Value = "Pin (Male)"; VariantName = "[No Variations]"
Add component (AddParameter): Name = "Contact Plating"; Value = "Gold"; VariantName = "[No Variations]"
Add component (AddParameter): Name = "Contact Type"; Value = "-"; VariantName = "[No Variations]"
Add component (AddParameter): Name = "Manufacturer"; Value = "Cromax"; VariantName = "[No Variations]"
Add component (AddParameter): Name = "Manufacturer Part Number"; Value = "IMP10327"; VariantName = "[No Variations]"
Add component (AddParameter): Name = "Minimum Order Quantity"; Value = "1"; VariantName = "[No Variations]"
Add component (AddParameter): Name = "Mounting Angle"; Value = "Vertical"; VariantName = "[No Variations]"
Add component (AddParameter): Name = "Mounting Style"; Value = "Straight Pin"; VariantName = "[No Variations]"
Add component (AddParameter): Name = "Number of Positions"; Value = "40 Position"; VariantName = "[No Variations]"
Add component (AddParameter): Name = "Number of Rows"; Value = "1 Row"; VariantName = "[No Variations]"
Add component (AddParameter): Name = "Pitch"; Value = "2 mm"; VariantName = "[No Variations]"
Add component (AddParameter): Name = "Pricing 1"; Value = "1=1.00, 5=0.20 (BRL)"; VariantName = "[No Variations]"
Add component (AddParameter): Name = "Product"; Value = "Headers"; VariantName = "[No Variations]"
Add component (AddParameter): Name = "Product Category"; Value = "Accessories"; VariantName = "[No Variations]"
Add component (AddParameter): Name = "Reeling"; Value = "False"; VariantName = "[No Variations]"
Add component (AddParameter): Name = "RoHS"; Value = "RoHS Compliant"; VariantName = "[No Variations]"
Add component (AddParameter): Name = "RoHS - Mouser"; Value = "Y"; VariantName = "[No Variations]"
Add component (AddParameter): Name = "Row Spacing"; Value = "-"; VariantName = "[No Variations]"
Add component (AddParameter): Name = "Stock 1"; Value = "14"; VariantName = "[No Variations]"
Add component (AddParameter): Name = "Supplier 1"; Value = "Mult Comercial"; VariantName = "[No Variations]"
Add component (AddParameter): Name = "Supplier Part Number 1"; Value = "Barra de Pinos Simples 1x40 Macho BMO40-1E"; VariantName = "[No Variations]"
Add component (AddParameter): Name = "Termination Style"; Value = "Through Hole"; VariantName = "[No Variations]"
Add component (AddParameter): Name = "Type"; Value = "Breakaway"; VariantName = "[No Variations]"
Added Component: Designator=P6(KRE1X2)
Add component (AddParameter): Name = "Accessory Type"; Value = "-"; VariantName = "[No Variations]"
Add component (AddParameter): Name = "Brand"; Value = "Cromax"; VariantName = "[No Variations]"
Add component (AddParameter): Name = "Category"; Value = "Headers & Wire Housings"; VariantName = "[No Variations]"
Add component (AddParameter): Name = "ComponentLink1Description"; Value = "http://loja.multcomercial.com.br/barra-de-pinos-simples-1x40-macho-bmo40-1e.html"; VariantName = "[No Variations]"
Add component (AddParameter): Name = "ComponentLink1URL"; Value = "http://loja.multcomercial.com.br/barra-de-pinos-simples-1x40-macho-bmo40-1e.html"; VariantName = "[No Variations]"
Add component (AddParameter): Name = "Contact Gender"; Value = "Pin (Male)"; VariantName = "[No Variations]"
Add component (AddParameter): Name = "Contact Plating"; Value = "Gold"; VariantName = "[No Variations]"
Add component (AddParameter): Name = "Contact Type"; Value = "-"; VariantName = "[No Variations]"
Add component (AddParameter): Name = "Manufacturer"; Value = "Cromax"; VariantName = "[No Variations]"
Add component (AddParameter): Name = "Manufacturer Part Number"; Value = "IMP10327"; VariantName = "[No Variations]"
Add component (AddParameter): Name = "Minimum Order Quantity"; Value = "1"; VariantName = "[No Variations]"
Add component (AddParameter): Name = "Mounting Angle"; Value = "Vertical"; VariantName = "[No Variations]"
Add component (AddParameter): Name = "Mounting Style"; Value = "Straight Pin"; VariantName = "[No Variations]"
Add component (AddParameter): Name = "Number of Positions"; Value = "40 Position"; VariantName = "[No Variations]"
Add component (AddParameter): Name = "Number of Rows"; Value = "1 Row"; VariantName = "[No Variations]"
Add component (AddParameter): Name = "Pitch"; Value = "2 mm"; VariantName = "[No Variations]"
Add component (AddParameter): Name = "Pricing 1"; Value = "1=1.00, 5=0.20 (BRL)"; VariantName = "[No Variations]"
Add component (AddParameter): Name = "Product"; Value = "Headers"; VariantName = "[No Variations]"
Add component (AddParameter): Name = "Product Category"; Value = "Accessories"; VariantName = "[No Variations]"
Add component (AddParameter): Name = "Reeling"; Value = "False"; VariantName = "[No Variations]"
Add component (AddParameter): Name = "RoHS"; Value = "RoHS Compliant"; VariantName = "[No Variations]"
Add component (AddParameter): Name = "RoHS - Mouser"; Value = "Y"; VariantName = "[No Variations]"
Add component (AddParameter): Name = "Row Spacing"; Value = "-"; VariantName = "[No Variations]"
Add component (AddParameter): Name = "Stock 1"; Value = "14"; VariantName = "[No Variations]"
Add component (AddParameter): Name = "Supplier 1"; Value = "Mult Comercial"; VariantName = "[No Variations]"
Add component (AddParameter): Name = "Supplier Part Number 1"; Value = "Barra de Pinos Simples 1x40 Macho BMO40-1E"; VariantName = "[No Variations]"
Add component (AddParameter): Name = "Termination Style"; Value = "Through Hole"; VariantName = "[No Variations]"
Add component (AddParameter): Name = "Type"; Value = "Breakaway"; VariantName = "[No Variations]"
Added Component: Designator=P7(KRE1X2)
Add component (AddParameter): Name = "Accessory Type"; Value = "-"; VariantName = "[No Variations]"
Add component (AddParameter): Name = "Brand"; Value = "Cromax"; VariantName = "[No Variations]"
Add component (AddParameter): Name = "Category"; Value = "Headers & Wire Housings"; VariantName = "[No Variations]"
Add component (AddParameter): Name = "ComponentLink1Description"; Value = "http://loja.multcomercial.com.br/barra-de-pinos-simples-1x40-macho-bmo40-1e.html"; VariantName = "[No Variations]"
Add component (AddParameter): Name = "ComponentLink1URL"; Value = "http://loja.multcomercial.com.br/barra-de-pinos-simples-1x40-macho-bmo40-1e.html"; VariantName = "[No Variations]"
Add component (AddParameter): Name = "Contact Gender"; Value = "Pin (Male)"; VariantName = "[No Variations]"
Add component (AddParameter): Name = "Contact Plating"; Value = "Gold"; VariantName = "[No Variations]"
Add component (AddParameter): Name = "Contact Type"; Value = "-"; VariantName = "[No Variations]"
Add component (AddParameter): Name = "Manufacturer"; Value = "Cromax"; VariantName = "[No Variations]"
Add component (AddParameter): Name = "Manufacturer Part Number"; Value = "IMP10327"; VariantName = "[No Variations]"
Add component (AddParameter): Name = "Minimum Order Quantity"; Value = "1"; VariantName = "[No Variations]"
Add component (AddParameter): Name = "Mounting Angle"; Value = "Vertical"; VariantName = "[No Variations]"
Add component (AddParameter): Name = "Mounting Style"; Value = "Straight Pin"; VariantName = "[No Variations]"
Add component (AddParameter): Name = "Number of Positions"; Value = "40 Position"; VariantName = "[No Variations]"
Add component (AddParameter): Name = "Number of Rows"; Value = "1 Row"; VariantName = "[No Variations]"
Add component (AddParameter): Name = "Pitch"; Value = "2 mm"; VariantName = "[No Variations]"
Add component (AddParameter): Name = "Pricing 1"; Value = "1=1.00, 5=0.20 (BRL)"; VariantName = "[No Variations]"
Add component (AddParameter): Name = "Product"; Value = "Headers"; VariantName = "[No Variations]"
Add component (AddParameter): Name = "Product Category"; Value = "Accessories"; VariantName = "[No Variations]"
Add component (AddParameter): Name = "Reeling"; Value = "False"; VariantName = "[No Variations]"
Add component (AddParameter): Name = "RoHS"; Value = "RoHS Compliant"; VariantName = "[No Variations]"
Add component (AddParameter): Name = "RoHS - Mouser"; Value = "Y"; VariantName = "[No Variations]"
Add component (AddParameter): Name = "Row Spacing"; Value = "-"; VariantName = "[No Variations]"
Add component (AddParameter): Name = "Stock 1"; Value = "14"; VariantName = "[No Variations]"
Add component (AddParameter): Name = "Supplier 1"; Value = "Mult Comercial"; VariantName = "[No Variations]"
Add component (AddParameter): Name = "Supplier Part Number 1"; Value = "Barra de Pinos Simples 1x40 Macho BMO40-1E"; VariantName = "[No Variations]"
Add component (AddParameter): Name = "Termination Style"; Value = "Through Hole"; VariantName = "[No Variations]"
Add component (AddParameter): Name = "Type"; Value = "Breakaway"; VariantName = "[No Variations]"
Added Pin To Net: NetName=VCC Pin=P1-1
Added Pin To Net: NetName=GND Pin=P1-2
Added Pin To Net: NetName=VCC Pin=P2-1
Added Pin To Net: NetName=GND Pin=P2-2
Added Pin To Net: NetName=+6V Pin=P3-1
Added Pin To Net: NetName=GND Pin=P3-2
Added Pin To Net: NetName=LF Pin=P4-1
Added Pin To Net: NetName=LB Pin=P4-2
Added Pin To Net: NetName=RF Pin=P5-1
Added Pin To Net: NetName=RB Pin=P5-2
Added Pin To Net: NetName=D1_F Pin=P6-1
Added Pin To Net: NetName=D1_B Pin=P6-2
Added Pin To Net: NetName=D2_F Pin=P7-1
Added Pin To Net: NetName=D2_B Pin=P7-2
Added Member To Class: ClassName=Esquemático Member=Component P1 Header 1x2
Added Member To Class: ClassName=Esquemático Member=Component P2 Header 1x2
Added Member To Class: ClassName=Esquemático Member=Component P3 Header 1x2
Added Member To Class: ClassName=Esquemático Member=Component P4 Header 1x2
Added Member To Class: ClassName=Esquemático Member=Component P5 Header 1x2
Added Member To Class: ClassName=Esquemático Member=Component P6 Header 1x2
Added Member To Class: ClassName=Esquemático Member=Component P7 Header 1x2
