Added Component: Designator=C1(Cap Film 0.1uF)
Add component (AddParameter): Name = "Capacitance"; Value = "100nF"; VariantName = "[No Variations]"
Add component (AddParameter): Name = "Case/Package"; Value = "Radial"; VariantName = "[No Variations]"
Add component (AddParameter): Name = "ComponentLink1Description"; Value = "http://www.farnell.com/datasheets/8708.pdf?src-supplier=Element14"; VariantName = "[No Variations]"
Add component (AddParameter): Name = "ComponentLink1URL"; Value = "http://www.farnell.com/datasheets/8708.pdf?src-supplier=Element14"; VariantName = "[No Variations]"
Add component (AddParameter): Name = "ComponentLink2Description"; Value = "https://www.distrelec.biz/Web/Downloads/_t/ds/b3252x_eng_tds.pdf?mime=application%2Fpdf&src-supplier=Distrelec"; VariantName = "[No Variations]"
Add component (AddParameter): Name = "ComponentLink2URL"; Value = "https://www.distrelec.biz/Web/Downloads/_t/ds/b3252x_eng_tds.pdf?mime=application%2Fpdf&src-supplier=Distrelec"; VariantName = "[No Variations]"
Add component (AddParameter): Name = "ComponentLink3Description"; Value = "http://www.farnell.com/datasheets/1955213.pdf?src-supplier=Farnell"; VariantName = "[No Variations]"
Add component (AddParameter): Name = "ComponentLink3URL"; Value = "http://www.farnell.com/datasheets/1955213.pdf?src-supplier=Farnell"; VariantName = "[No Variations]"
Add component (AddParameter): Name = "ComponentLink4Description"; Value = "https://www.verical.com/server-webapp/html/getDatasheet?partID=117180&src-supplier=Verical"; VariantName = "[No Variations]"
Add component (AddParameter): Name = "ComponentLink4URL"; Value = "https://www.verical.com/server-webapp/html/getDatasheet?partID=117180&src-supplier=Verical"; VariantName = "[No Variations]"
Add component (AddParameter): Name = "ComponentLink5Description"; Value = "https://produktinfo.conrad.com/datenblaetter/500000-524999/500871-da-01-en-METALLPOLYESTER_KONDENSATOR_0_10_UF.pdf?src-supplier=Conrad"; VariantName = "[No Variations]"
Add component (AddParameter): Name = "ComponentLink5URL"; Value = "https://produktinfo.conrad.com/datenblaetter/500000-524999/500871-da-01-en-METALLPOLYESTER_KONDENSATOR_0_10_UF.pdf?src-supplier=Conrad"; VariantName = "[No Variations]"
Add component (AddParameter): Name = "Contact Plating"; Value = "Matte,Tin"; VariantName = "[No Variations]"
Add component (AddParameter): Name = "Depth"; Value = "2.5mm"; VariantName = "[No Variations]"
Add component (AddParameter): Name = "Dielectric"; Value = "PET"; VariantName = "[No Variations]"
Add component (AddParameter): Name = "Dielectric Material"; Value = "PET"; VariantName = "[No Variations]"
Add component (AddParameter): Name = "Height"; Value = "6.5mm"; VariantName = "[No Variations]"
Add component (AddParameter): Name = "Height - Seated (Max)"; Value = "0.256inch"; VariantName = "[No Variations]"
Add component (AddParameter): Name = "Insulation Resistance"; Value = "15GR"; VariantName = "[No Variations]"
Add component (AddParameter): Name = "Lead Diameter"; Value = "0.5mm"; VariantName = "[No Variations]"
Add component (AddParameter): Name = "Lead Free"; Value = "Lead Free"; VariantName = "[No Variations]"
Add component (AddParameter): Name = "Lead Length"; Value = "6mm"; VariantName = "[No Variations]"
Add component (AddParameter): Name = "Lead Pitch"; Value = "5mm"; VariantName = "[No Variations]"
Add component (AddParameter): Name = "Length"; Value = "7.2mm"; VariantName = "[No Variations]"
Add component (AddParameter): Name = "Life (Hours)"; Value = "200000Hour"; VariantName = "[No Variations]"
Add component (AddParameter): Name = "Manufacturer"; Value = "TDK EPCOS"; VariantName = "[No Variations]"
Add component (AddParameter): Name = "Manufacturer Part Number"; Value = "B32529C104K"; VariantName = "[No Variations]"
Add component (AddParameter): Name = "Material"; Value = "PVC,Resin"; VariantName = "[No Variations]"
Add component (AddParameter): Name = "Max Operating Temperature"; Value = "125°C"; VariantName = "[No Variations]"
Add component (AddParameter): Name = "Min Operating Temperature"; Value = "-55°C"; VariantName = "[No Variations]"
Add component (AddParameter): Name = "Mount"; Value = "PCB,Through Hole"; VariantName = "[No Variations]"
Add component (AddParameter): Name = "Number of Pins"; Value = "2"; VariantName = "[No Variations]"
Add component (AddParameter): Name = "Package Quantity"; Value = "2000"; VariantName = "[No Variations]"
Add component (AddParameter): Name = "Packaging"; Value = "Bulk"; VariantName = "[No Variations]"
Add component (AddParameter): Name = "Pitch"; Value = "5mm"; VariantName = "[No Variations]"
Add component (AddParameter): Name = "Radiation Hardening"; Value = "No"; VariantName = "[No Variations]"
Add component (AddParameter): Name = "REACH SVHC"; Value = "No SVHC"; VariantName = "[No Variations]"
Add component (AddParameter): Name = "Stock 1"; Value = "0"; VariantName = "[No Variations]"
Add component (AddParameter): Name = "Supplier 1"; Value = "Newark"; VariantName = "[No Variations]"
Add component (AddParameter): Name = "Supplier Part Number 1"; Value = "21C0469"; VariantName = "[No Variations]"
Add component (AddParameter): Name = "Termination"; Value = "Radial"; VariantName = "[No Variations]"
Add component (AddParameter): Name = "Tolerance"; Value = "10%"; VariantName = "[No Variations]"
Add component (AddParameter): Name = "Voltage Rating"; Value = "63V"; VariantName = "[No Variations]"
Add component (AddParameter): Name = "Voltage Rating (AC)"; Value = "40V"; VariantName = "[No Variations]"
Add component (AddParameter): Name = "Voltage Rating (DC)"; Value = "63V"; VariantName = "[No Variations]"
Add component (AddParameter): Name = "Width"; Value = "2.5mm"; VariantName = "[No Variations]"
Added Component: Designator=C2(Cap Film 0.1uF)
Add component (AddParameter): Name = "Capacitance"; Value = "100nF"; VariantName = "[No Variations]"
Add component (AddParameter): Name = "Case/Package"; Value = "Radial"; VariantName = "[No Variations]"
Add component (AddParameter): Name = "ComponentLink1Description"; Value = "http://www.farnell.com/datasheets/8708.pdf?src-supplier=Element14"; VariantName = "[No Variations]"
Add component (AddParameter): Name = "ComponentLink1URL"; Value = "http://www.farnell.com/datasheets/8708.pdf?src-supplier=Element14"; VariantName = "[No Variations]"
Add component (AddParameter): Name = "ComponentLink2Description"; Value = "https://www.distrelec.biz/Web/Downloads/_t/ds/b3252x_eng_tds.pdf?mime=application%2Fpdf&src-supplier=Distrelec"; VariantName = "[No Variations]"
Add component (AddParameter): Name = "ComponentLink2URL"; Value = "https://www.distrelec.biz/Web/Downloads/_t/ds/b3252x_eng_tds.pdf?mime=application%2Fpdf&src-supplier=Distrelec"; VariantName = "[No Variations]"
Add component (AddParameter): Name = "ComponentLink3Description"; Value = "http://www.farnell.com/datasheets/1955213.pdf?src-supplier=Farnell"; VariantName = "[No Variations]"
Add component (AddParameter): Name = "ComponentLink3URL"; Value = "http://www.farnell.com/datasheets/1955213.pdf?src-supplier=Farnell"; VariantName = "[No Variations]"
Add component (AddParameter): Name = "ComponentLink4Description"; Value = "https://www.verical.com/server-webapp/html/getDatasheet?partID=117180&src-supplier=Verical"; VariantName = "[No Variations]"
Add component (AddParameter): Name = "ComponentLink4URL"; Value = "https://www.verical.com/server-webapp/html/getDatasheet?partID=117180&src-supplier=Verical"; VariantName = "[No Variations]"
Add component (AddParameter): Name = "ComponentLink5Description"; Value = "https://produktinfo.conrad.com/datenblaetter/500000-524999/500871-da-01-en-METALLPOLYESTER_KONDENSATOR_0_10_UF.pdf?src-supplier=Conrad"; VariantName = "[No Variations]"
Add component (AddParameter): Name = "ComponentLink5URL"; Value = "https://produktinfo.conrad.com/datenblaetter/500000-524999/500871-da-01-en-METALLPOLYESTER_KONDENSATOR_0_10_UF.pdf?src-supplier=Conrad"; VariantName = "[No Variations]"
Add component (AddParameter): Name = "Contact Plating"; Value = "Matte,Tin"; VariantName = "[No Variations]"
Add component (AddParameter): Name = "Depth"; Value = "2.5mm"; VariantName = "[No Variations]"
Add component (AddParameter): Name = "Dielectric"; Value = "PET"; VariantName = "[No Variations]"
Add component (AddParameter): Name = "Dielectric Material"; Value = "PET"; VariantName = "[No Variations]"
Add component (AddParameter): Name = "Height"; Value = "6.5mm"; VariantName = "[No Variations]"
Add component (AddParameter): Name = "Height - Seated (Max)"; Value = "0.256inch"; VariantName = "[No Variations]"
Add component (AddParameter): Name = "Insulation Resistance"; Value = "15GR"; VariantName = "[No Variations]"
Add component (AddParameter): Name = "Lead Diameter"; Value = "0.5mm"; VariantName = "[No Variations]"
Add component (AddParameter): Name = "Lead Free"; Value = "Lead Free"; VariantName = "[No Variations]"
Add component (AddParameter): Name = "Lead Length"; Value = "6mm"; VariantName = "[No Variations]"
Add component (AddParameter): Name = "Lead Pitch"; Value = "5mm"; VariantName = "[No Variations]"
Add component (AddParameter): Name = "Length"; Value = "7.2mm"; VariantName = "[No Variations]"
Add component (AddParameter): Name = "Life (Hours)"; Value = "200000Hour"; VariantName = "[No Variations]"
Add component (AddParameter): Name = "Manufacturer"; Value = "TDK EPCOS"; VariantName = "[No Variations]"
Add component (AddParameter): Name = "Manufacturer Part Number"; Value = "B32529C104K"; VariantName = "[No Variations]"
Add component (AddParameter): Name = "Material"; Value = "PVC,Resin"; VariantName = "[No Variations]"
Add component (AddParameter): Name = "Max Operating Temperature"; Value = "125°C"; VariantName = "[No Variations]"
Add component (AddParameter): Name = "Min Operating Temperature"; Value = "-55°C"; VariantName = "[No Variations]"
Add component (AddParameter): Name = "Mount"; Value = "PCB,Through Hole"; VariantName = "[No Variations]"
Add component (AddParameter): Name = "Number of Pins"; Value = "2"; VariantName = "[No Variations]"
Add component (AddParameter): Name = "Package Quantity"; Value = "2000"; VariantName = "[No Variations]"
Add component (AddParameter): Name = "Packaging"; Value = "Bulk"; VariantName = "[No Variations]"
Add component (AddParameter): Name = "Pitch"; Value = "5mm"; VariantName = "[No Variations]"
Add component (AddParameter): Name = "Radiation Hardening"; Value = "No"; VariantName = "[No Variations]"
Add component (AddParameter): Name = "REACH SVHC"; Value = "No SVHC"; VariantName = "[No Variations]"
Add component (AddParameter): Name = "Stock 1"; Value = "0"; VariantName = "[No Variations]"
Add component (AddParameter): Name = "Supplier 1"; Value = "Newark"; VariantName = "[No Variations]"
Add component (AddParameter): Name = "Supplier Part Number 1"; Value = "21C0469"; VariantName = "[No Variations]"
Add component (AddParameter): Name = "Termination"; Value = "Radial"; VariantName = "[No Variations]"
Add component (AddParameter): Name = "Tolerance"; Value = "10%"; VariantName = "[No Variations]"
Add component (AddParameter): Name = "Voltage Rating"; Value = "63V"; VariantName = "[No Variations]"
Add component (AddParameter): Name = "Voltage Rating (AC)"; Value = "40V"; VariantName = "[No Variations]"
Add component (AddParameter): Name = "Voltage Rating (DC)"; Value = "63V"; VariantName = "[No Variations]"
Add component (AddParameter): Name = "Width"; Value = "2.5mm"; VariantName = "[No Variations]"
Added Component: Designator=C3(Cap Film 0.1uF)
Add component (AddParameter): Name = "Capacitance"; Value = "100nF"; VariantName = "[No Variations]"
Add component (AddParameter): Name = "Case/Package"; Value = "Radial"; VariantName = "[No Variations]"
Add component (AddParameter): Name = "ComponentLink1Description"; Value = "http://www.farnell.com/datasheets/8708.pdf?src-supplier=Element14"; VariantName = "[No Variations]"
Add component (AddParameter): Name = "ComponentLink1URL"; Value = "http://www.farnell.com/datasheets/8708.pdf?src-supplier=Element14"; VariantName = "[No Variations]"
Add component (AddParameter): Name = "ComponentLink2Description"; Value = "https://www.distrelec.biz/Web/Downloads/_t/ds/b3252x_eng_tds.pdf?mime=application%2Fpdf&src-supplier=Distrelec"; VariantName = "[No Variations]"
Add component (AddParameter): Name = "ComponentLink2URL"; Value = "https://www.distrelec.biz/Web/Downloads/_t/ds/b3252x_eng_tds.pdf?mime=application%2Fpdf&src-supplier=Distrelec"; VariantName = "[No Variations]"
Add component (AddParameter): Name = "ComponentLink3Description"; Value = "http://www.farnell.com/datasheets/1955213.pdf?src-supplier=Farnell"; VariantName = "[No Variations]"
Add component (AddParameter): Name = "ComponentLink3URL"; Value = "http://www.farnell.com/datasheets/1955213.pdf?src-supplier=Farnell"; VariantName = "[No Variations]"
Add component (AddParameter): Name = "ComponentLink4Description"; Value = "https://www.verical.com/server-webapp/html/getDatasheet?partID=117180&src-supplier=Verical"; VariantName = "[No Variations]"
Add component (AddParameter): Name = "ComponentLink4URL"; Value = "https://www.verical.com/server-webapp/html/getDatasheet?partID=117180&src-supplier=Verical"; VariantName = "[No Variations]"
Add component (AddParameter): Name = "ComponentLink5Description"; Value = "https://produktinfo.conrad.com/datenblaetter/500000-524999/500871-da-01-en-METALLPOLYESTER_KONDENSATOR_0_10_UF.pdf?src-supplier=Conrad"; VariantName = "[No Variations]"
Add component (AddParameter): Name = "ComponentLink5URL"; Value = "https://produktinfo.conrad.com/datenblaetter/500000-524999/500871-da-01-en-METALLPOLYESTER_KONDENSATOR_0_10_UF.pdf?src-supplier=Conrad"; VariantName = "[No Variations]"
Add component (AddParameter): Name = "Contact Plating"; Value = "Matte,Tin"; VariantName = "[No Variations]"
Add component (AddParameter): Name = "Depth"; Value = "2.5mm"; VariantName = "[No Variations]"
Add component (AddParameter): Name = "Dielectric"; Value = "PET"; VariantName = "[No Variations]"
Add component (AddParameter): Name = "Dielectric Material"; Value = "PET"; VariantName = "[No Variations]"
Add component (AddParameter): Name = "Height"; Value = "6.5mm"; VariantName = "[No Variations]"
Add component (AddParameter): Name = "Height - Seated (Max)"; Value = "0.256inch"; VariantName = "[No Variations]"
Add component (AddParameter): Name = "Insulation Resistance"; Value = "15GR"; VariantName = "[No Variations]"
Add component (AddParameter): Name = "Lead Diameter"; Value = "0.5mm"; VariantName = "[No Variations]"
Add component (AddParameter): Name = "Lead Free"; Value = "Lead Free"; VariantName = "[No Variations]"
Add component (AddParameter): Name = "Lead Length"; Value = "6mm"; VariantName = "[No Variations]"
Add component (AddParameter): Name = "Lead Pitch"; Value = "5mm"; VariantName = "[No Variations]"
Add component (AddParameter): Name = "Length"; Value = "7.2mm"; VariantName = "[No Variations]"
Add component (AddParameter): Name = "Life (Hours)"; Value = "200000Hour"; VariantName = "[No Variations]"
Add component (AddParameter): Name = "Manufacturer"; Value = "TDK EPCOS"; VariantName = "[No Variations]"
Add component (AddParameter): Name = "Manufacturer Part Number"; Value = "B32529C104K"; VariantName = "[No Variations]"
Add component (AddParameter): Name = "Material"; Value = "PVC,Resin"; VariantName = "[No Variations]"
Add component (AddParameter): Name = "Max Operating Temperature"; Value = "125°C"; VariantName = "[No Variations]"
Add component (AddParameter): Name = "Min Operating Temperature"; Value = "-55°C"; VariantName = "[No Variations]"
Add component (AddParameter): Name = "Mount"; Value = "PCB,Through Hole"; VariantName = "[No Variations]"
Add component (AddParameter): Name = "Number of Pins"; Value = "2"; VariantName = "[No Variations]"
Add component (AddParameter): Name = "Package Quantity"; Value = "2000"; VariantName = "[No Variations]"
Add component (AddParameter): Name = "Packaging"; Value = "Bulk"; VariantName = "[No Variations]"
Add component (AddParameter): Name = "Pitch"; Value = "5mm"; VariantName = "[No Variations]"
Add component (AddParameter): Name = "Radiation Hardening"; Value = "No"; VariantName = "[No Variations]"
Add component (AddParameter): Name = "REACH SVHC"; Value = "No SVHC"; VariantName = "[No Variations]"
Add component (AddParameter): Name = "Stock 1"; Value = "0"; VariantName = "[No Variations]"
Add component (AddParameter): Name = "Supplier 1"; Value = "Newark"; VariantName = "[No Variations]"
Add component (AddParameter): Name = "Supplier Part Number 1"; Value = "21C0469"; VariantName = "[No Variations]"
Add component (AddParameter): Name = "Termination"; Value = "Radial"; VariantName = "[No Variations]"
Add component (AddParameter): Name = "Tolerance"; Value = "10%"; VariantName = "[No Variations]"
Add component (AddParameter): Name = "Voltage Rating"; Value = "63V"; VariantName = "[No Variations]"
Add component (AddParameter): Name = "Voltage Rating (AC)"; Value = "40V"; VariantName = "[No Variations]"
Add component (AddParameter): Name = "Voltage Rating (DC)"; Value = "63V"; VariantName = "[No Variations]"
Add component (AddParameter): Name = "Width"; Value = "2.5mm"; VariantName = "[No Variations]"
Added Component: Designator=C4(Cap Film 0.1uF)
Add component (AddParameter): Name = "Capacitance"; Value = "100nF"; VariantName = "[No Variations]"
Add component (AddParameter): Name = "Case/Package"; Value = "Radial"; VariantName = "[No Variations]"
Add component (AddParameter): Name = "ComponentLink1Description"; Value = "http://www.farnell.com/datasheets/8708.pdf?src-supplier=Element14"; VariantName = "[No Variations]"
Add component (AddParameter): Name = "ComponentLink1URL"; Value = "http://www.farnell.com/datasheets/8708.pdf?src-supplier=Element14"; VariantName = "[No Variations]"
Add component (AddParameter): Name = "ComponentLink2Description"; Value = "https://www.distrelec.biz/Web/Downloads/_t/ds/b3252x_eng_tds.pdf?mime=application%2Fpdf&src-supplier=Distrelec"; VariantName = "[No Variations]"
Add component (AddParameter): Name = "ComponentLink2URL"; Value = "https://www.distrelec.biz/Web/Downloads/_t/ds/b3252x_eng_tds.pdf?mime=application%2Fpdf&src-supplier=Distrelec"; VariantName = "[No Variations]"
Add component (AddParameter): Name = "ComponentLink3Description"; Value = "http://www.farnell.com/datasheets/1955213.pdf?src-supplier=Farnell"; VariantName = "[No Variations]"
Add component (AddParameter): Name = "ComponentLink3URL"; Value = "http://www.farnell.com/datasheets/1955213.pdf?src-supplier=Farnell"; VariantName = "[No Variations]"
Add component (AddParameter): Name = "ComponentLink4Description"; Value = "https://www.verical.com/server-webapp/html/getDatasheet?partID=117180&src-supplier=Verical"; VariantName = "[No Variations]"
Add component (AddParameter): Name = "ComponentLink4URL"; Value = "https://www.verical.com/server-webapp/html/getDatasheet?partID=117180&src-supplier=Verical"; VariantName = "[No Variations]"
Add component (AddParameter): Name = "ComponentLink5Description"; Value = "https://produktinfo.conrad.com/datenblaetter/500000-524999/500871-da-01-en-METALLPOLYESTER_KONDENSATOR_0_10_UF.pdf?src-supplier=Conrad"; VariantName = "[No Variations]"
Add component (AddParameter): Name = "ComponentLink5URL"; Value = "https://produktinfo.conrad.com/datenblaetter/500000-524999/500871-da-01-en-METALLPOLYESTER_KONDENSATOR_0_10_UF.pdf?src-supplier=Conrad"; VariantName = "[No Variations]"
Add component (AddParameter): Name = "Contact Plating"; Value = "Matte,Tin"; VariantName = "[No Variations]"
Add component (AddParameter): Name = "Depth"; Value = "2.5mm"; VariantName = "[No Variations]"
Add component (AddParameter): Name = "Dielectric"; Value = "PET"; VariantName = "[No Variations]"
Add component (AddParameter): Name = "Dielectric Material"; Value = "PET"; VariantName = "[No Variations]"
Add component (AddParameter): Name = "Height"; Value = "6.5mm"; VariantName = "[No Variations]"
Add component (AddParameter): Name = "Height - Seated (Max)"; Value = "0.256inch"; VariantName = "[No Variations]"
Add component (AddParameter): Name = "Insulation Resistance"; Value = "15GR"; VariantName = "[No Variations]"
Add component (AddParameter): Name = "Lead Diameter"; Value = "0.5mm"; VariantName = "[No Variations]"
Add component (AddParameter): Name = "Lead Free"; Value = "Lead Free"; VariantName = "[No Variations]"
Add component (AddParameter): Name = "Lead Length"; Value = "6mm"; VariantName = "[No Variations]"
Add component (AddParameter): Name = "Lead Pitch"; Value = "5mm"; VariantName = "[No Variations]"
Add component (AddParameter): Name = "Length"; Value = "7.2mm"; VariantName = "[No Variations]"
Add component (AddParameter): Name = "Life (Hours)"; Value = "200000Hour"; VariantName = "[No Variations]"
Add component (AddParameter): Name = "Manufacturer"; Value = "TDK EPCOS"; VariantName = "[No Variations]"
Add component (AddParameter): Name = "Manufacturer Part Number"; Value = "B32529C104K"; VariantName = "[No Variations]"
Add component (AddParameter): Name = "Material"; Value = "PVC,Resin"; VariantName = "[No Variations]"
Add component (AddParameter): Name = "Max Operating Temperature"; Value = "125°C"; VariantName = "[No Variations]"
Add component (AddParameter): Name = "Min Operating Temperature"; Value = "-55°C"; VariantName = "[No Variations]"
Add component (AddParameter): Name = "Mount"; Value = "PCB,Through Hole"; VariantName = "[No Variations]"
Add component (AddParameter): Name = "Number of Pins"; Value = "2"; VariantName = "[No Variations]"
Add component (AddParameter): Name = "Package Quantity"; Value = "2000"; VariantName = "[No Variations]"
Add component (AddParameter): Name = "Packaging"; Value = "Bulk"; VariantName = "[No Variations]"
Add component (AddParameter): Name = "Pitch"; Value = "5mm"; VariantName = "[No Variations]"
Add component (AddParameter): Name = "Radiation Hardening"; Value = "No"; VariantName = "[No Variations]"
Add component (AddParameter): Name = "REACH SVHC"; Value = "No SVHC"; VariantName = "[No Variations]"
Add component (AddParameter): Name = "Stock 1"; Value = "0"; VariantName = "[No Variations]"
Add component (AddParameter): Name = "Supplier 1"; Value = "Newark"; VariantName = "[No Variations]"
Add component (AddParameter): Name = "Supplier Part Number 1"; Value = "21C0469"; VariantName = "[No Variations]"
Add component (AddParameter): Name = "Termination"; Value = "Radial"; VariantName = "[No Variations]"
Add component (AddParameter): Name = "Tolerance"; Value = "10%"; VariantName = "[No Variations]"
Add component (AddParameter): Name = "Voltage Rating"; Value = "63V"; VariantName = "[No Variations]"
Add component (AddParameter): Name = "Voltage Rating (AC)"; Value = "40V"; VariantName = "[No Variations]"
Add component (AddParameter): Name = "Voltage Rating (DC)"; Value = "63V"; VariantName = "[No Variations]"
Add component (AddParameter): Name = "Width"; Value = "2.5mm"; VariantName = "[No Variations]"
Added Component: Designator=LED1(WS2812B-LED)
Add component (AddParameter): Name = "Availability"; Value = "Unavailable"; VariantName = "[No Variations]"
Add component (AddParameter): Name = "MF"; Value = "SparkFun Electronics"; VariantName = "[No Variations]"
Add component (AddParameter): Name = "MP"; Value = "WS2812B"; VariantName = "[No Variations]"
Add component (AddParameter): Name = "Package"; Value = "None"; VariantName = "[No Variations]"
Add component (AddParameter): Name = "Price"; Value = "None"; VariantName = "[No Variations]"
Add component (AddParameter): Name = "SnapEDA_Link"; Value = "https://www.snapeda.com/parts/WS2812B/Worldsemi/view-part/1038297/?ref=snap"; VariantName = "[No Variations]"
Add component (AddParameter): Name = "Value"; Value = ""; VariantName = "[No Variations]"
Added Component: Designator=LED(WS2812B-LED)
Add component (AddParameter): Name = "Availability"; Value = "Unavailable"; VariantName = "[No Variations]"
Add component (AddParameter): Name = "MF"; Value = "SparkFun Electronics"; VariantName = "[No Variations]"
Add component (AddParameter): Name = "MP"; Value = "WS2812B"; VariantName = "[No Variations]"
Add component (AddParameter): Name = "Package"; Value = "None"; VariantName = "[No Variations]"
Add component (AddParameter): Name = "Price"; Value = "None"; VariantName = "[No Variations]"
Add component (AddParameter): Name = "SnapEDA_Link"; Value = "https://www.snapeda.com/parts/WS2812B/Worldsemi/view-part/1038297/?ref=snap"; VariantName = "[No Variations]"
Add component (AddParameter): Name = "Value"; Value = ""; VariantName = "[No Variations]"
Added Component: Designator=P1(HDR1X2)
Add component (AddParameter): Name = "Accessory Type"; Value = "-"; VariantName = "[No Variations]"
Add component (AddParameter): Name = "Brand"; Value = "Cromax"; VariantName = "[No Variations]"
Add component (AddParameter): Name = "Category"; Value = "Headers & Wire Housings"; VariantName = "[No Variations]"
Add component (AddParameter): Name = "ComponentLink1Description"; Value = "http://loja.multcomercial.com.br/barra-de-pinos-simples-1x40-macho-bmo40-1e.html"; VariantName = "[No Variations]"
Add component (AddParameter): Name = "ComponentLink1URL"; Value = "http://loja.multcomercial.com.br/barra-de-pinos-simples-1x40-macho-bmo40-1e.html"; VariantName = "[No Variations]"
Add component (AddParameter): Name = "Contact Gender"; Value = "Pin (Male)"; VariantName = "[No Variations]"
Add component (AddParameter): Name = "Contact Plating"; Value = "Gold"; VariantName = "[No Variations]"
Add component (AddParameter): Name = "Contact Type"; Value = "-"; VariantName = "[No Variations]"
Add component (AddParameter): Name = "Manufacturer"; Value = "Cromax"; VariantName = "[No Variations]"
Add component (AddParameter): Name = "Manufacturer Part Number"; Value = "IMP10327"; VariantName = "[No Variations]"
Add component (AddParameter): Name = "Minimum Order Quantity"; Value = "1"; VariantName = "[No Variations]"
Add component (AddParameter): Name = "Mounting Angle"; Value = "Vertical"; VariantName = "[No Variations]"
Add component (AddParameter): Name = "Mounting Style"; Value = "Straight Pin"; VariantName = "[No Variations]"
Add component (AddParameter): Name = "Number of Positions"; Value = "40 Position"; VariantName = "[No Variations]"
Add component (AddParameter): Name = "Number of Rows"; Value = "1 Row"; VariantName = "[No Variations]"
Add component (AddParameter): Name = "Pitch"; Value = "2 mm"; VariantName = "[No Variations]"
Add component (AddParameter): Name = "Pricing 1"; Value = "1=1.00, 5=0.20 (BRL)"; VariantName = "[No Variations]"
Add component (AddParameter): Name = "Product"; Value = "Headers"; VariantName = "[No Variations]"
Add component (AddParameter): Name = "Product Category"; Value = "Accessories"; VariantName = "[No Variations]"
Add component (AddParameter): Name = "Reeling"; Value = "False"; VariantName = "[No Variations]"
Add component (AddParameter): Name = "RoHS"; Value = "RoHS Compliant"; VariantName = "[No Variations]"
Add component (AddParameter): Name = "RoHS - Mouser"; Value = "Y"; VariantName = "[No Variations]"
Add component (AddParameter): Name = "Row Spacing"; Value = "-"; VariantName = "[No Variations]"
Add component (AddParameter): Name = "Stock 1"; Value = "14"; VariantName = "[No Variations]"
Add component (AddParameter): Name = "Supplier 1"; Value = "Mult Comercial"; VariantName = "[No Variations]"
Add component (AddParameter): Name = "Supplier Part Number 1"; Value = "Barra de Pinos Simples 1x40 Macho BMO40-1E"; VariantName = "[No Variations]"
Add component (AddParameter): Name = "Termination Style"; Value = "Through Hole"; VariantName = "[No Variations]"
Add component (AddParameter): Name = "Type"; Value = "Breakaway"; VariantName = "[No Variations]"
Added Component: Designator=P2(HDR1X2)
Add component (AddParameter): Name = "Accessory Type"; Value = "-"; VariantName = "[No Variations]"
Add component (AddParameter): Name = "Brand"; Value = "Cromax"; VariantName = "[No Variations]"
Add component (AddParameter): Name = "Category"; Value = "Headers & Wire Housings"; VariantName = "[No Variations]"
Add component (AddParameter): Name = "ComponentLink1Description"; Value = "http://loja.multcomercial.com.br/barra-de-pinos-simples-1x40-macho-bmo40-1e.html"; VariantName = "[No Variations]"
Add component (AddParameter): Name = "ComponentLink1URL"; Value = "http://loja.multcomercial.com.br/barra-de-pinos-simples-1x40-macho-bmo40-1e.html"; VariantName = "[No Variations]"
Add component (AddParameter): Name = "Contact Gender"; Value = "Pin (Male)"; VariantName = "[No Variations]"
Add component (AddParameter): Name = "Contact Plating"; Value = "Gold"; VariantName = "[No Variations]"
Add component (AddParameter): Name = "Contact Type"; Value = "-"; VariantName = "[No Variations]"
Add component (AddParameter): Name = "Manufacturer"; Value = "Cromax"; VariantName = "[No Variations]"
Add component (AddParameter): Name = "Manufacturer Part Number"; Value = "IMP10327"; VariantName = "[No Variations]"
Add component (AddParameter): Name = "Minimum Order Quantity"; Value = "1"; VariantName = "[No Variations]"
Add component (AddParameter): Name = "Mounting Angle"; Value = "Vertical"; VariantName = "[No Variations]"
Add component (AddParameter): Name = "Mounting Style"; Value = "Straight Pin"; VariantName = "[No Variations]"
Add component (AddParameter): Name = "Number of Positions"; Value = "40 Position"; VariantName = "[No Variations]"
Add component (AddParameter): Name = "Number of Rows"; Value = "1 Row"; VariantName = "[No Variations]"
Add component (AddParameter): Name = "Pitch"; Value = "2 mm"; VariantName = "[No Variations]"
Add component (AddParameter): Name = "Pricing 1"; Value = "1=1.00, 5=0.20 (BRL)"; VariantName = "[No Variations]"
Add component (AddParameter): Name = "Product"; Value = "Headers"; VariantName = "[No Variations]"
Add component (AddParameter): Name = "Product Category"; Value = "Accessories"; VariantName = "[No Variations]"
Add component (AddParameter): Name = "Reeling"; Value = "False"; VariantName = "[No Variations]"
Add component (AddParameter): Name = "RoHS"; Value = "RoHS Compliant"; VariantName = "[No Variations]"
Add component (AddParameter): Name = "RoHS - Mouser"; Value = "Y"; VariantName = "[No Variations]"
Add component (AddParameter): Name = "Row Spacing"; Value = "-"; VariantName = "[No Variations]"
Add component (AddParameter): Name = "Stock 1"; Value = "14"; VariantName = "[No Variations]"
Add component (AddParameter): Name = "Supplier 1"; Value = "Mult Comercial"; VariantName = "[No Variations]"
Add component (AddParameter): Name = "Supplier Part Number 1"; Value = "Barra de Pinos Simples 1x40 Macho BMO40-1E"; VariantName = "[No Variations]"
Add component (AddParameter): Name = "Termination Style"; Value = "Through Hole"; VariantName = "[No Variations]"
Add component (AddParameter): Name = "Type"; Value = "Breakaway"; VariantName = "[No Variations]"
Added Component: Designator=P3(HDR1X2)
Add component (AddParameter): Name = "Accessory Type"; Value = "-"; VariantName = "[No Variations]"
Add component (AddParameter): Name = "Brand"; Value = "Cromax"; VariantName = "[No Variations]"
Add component (AddParameter): Name = "Category"; Value = "Headers & Wire Housings"; VariantName = "[No Variations]"
Add component (AddParameter): Name = "ComponentLink1Description"; Value = "http://loja.multcomercial.com.br/barra-de-pinos-simples-1x40-macho-bmo40-1e.html"; VariantName = "[No Variations]"
Add component (AddParameter): Name = "ComponentLink1URL"; Value = "http://loja.multcomercial.com.br/barra-de-pinos-simples-1x40-macho-bmo40-1e.html"; VariantName = "[No Variations]"
Add component (AddParameter): Name = "Contact Gender"; Value = "Pin (Male)"; VariantName = "[No Variations]"
Add component (AddParameter): Name = "Contact Plating"; Value = "Gold"; VariantName = "[No Variations]"
Add component (AddParameter): Name = "Contact Type"; Value = "-"; VariantName = "[No Variations]"
Add component (AddParameter): Name = "Manufacturer"; Value = "Cromax"; VariantName = "[No Variations]"
Add component (AddParameter): Name = "Manufacturer Part Number"; Value = "IMP10327"; VariantName = "[No Variations]"
Add component (AddParameter): Name = "Minimum Order Quantity"; Value = "1"; VariantName = "[No Variations]"
Add component (AddParameter): Name = "Mounting Angle"; Value = "Vertical"; VariantName = "[No Variations]"
Add component (AddParameter): Name = "Mounting Style"; Value = "Straight Pin"; VariantName = "[No Variations]"
Add component (AddParameter): Name = "Number of Positions"; Value = "40 Position"; VariantName = "[No Variations]"
Add component (AddParameter): Name = "Number of Rows"; Value = "1 Row"; VariantName = "[No Variations]"
Add component (AddParameter): Name = "Pitch"; Value = "2 mm"; VariantName = "[No Variations]"
Add component (AddParameter): Name = "Pricing 1"; Value = "1=1.00, 5=0.20 (BRL)"; VariantName = "[No Variations]"
Add component (AddParameter): Name = "Product"; Value = "Headers"; VariantName = "[No Variations]"
Add component (AddParameter): Name = "Product Category"; Value = "Accessories"; VariantName = "[No Variations]"
Add component (AddParameter): Name = "Reeling"; Value = "False"; VariantName = "[No Variations]"
Add component (AddParameter): Name = "RoHS"; Value = "RoHS Compliant"; VariantName = "[No Variations]"
Add component (AddParameter): Name = "RoHS - Mouser"; Value = "Y"; VariantName = "[No Variations]"
Add component (AddParameter): Name = "Row Spacing"; Value = "-"; VariantName = "[No Variations]"
Add component (AddParameter): Name = "Stock 1"; Value = "14"; VariantName = "[No Variations]"
Add component (AddParameter): Name = "Supplier 1"; Value = "Mult Comercial"; VariantName = "[No Variations]"
Add component (AddParameter): Name = "Supplier Part Number 1"; Value = "Barra de Pinos Simples 1x40 Macho BMO40-1E"; VariantName = "[No Variations]"
Add component (AddParameter): Name = "Termination Style"; Value = "Through Hole"; VariantName = "[No Variations]"
Add component (AddParameter): Name = "Type"; Value = "Breakaway"; VariantName = "[No Variations]"
Added Component: Designator=P4(HDR1X2)
Add component (AddParameter): Name = "Accessory Type"; Value = "-"; VariantName = "[No Variations]"
Add component (AddParameter): Name = "Brand"; Value = "Cromax"; VariantName = "[No Variations]"
Add component (AddParameter): Name = "Category"; Value = "Headers & Wire Housings"; VariantName = "[No Variations]"
Add component (AddParameter): Name = "ComponentLink1Description"; Value = "http://loja.multcomercial.com.br/barra-de-pinos-simples-1x40-macho-bmo40-1e.html"; VariantName = "[No Variations]"
Add component (AddParameter): Name = "ComponentLink1URL"; Value = "http://loja.multcomercial.com.br/barra-de-pinos-simples-1x40-macho-bmo40-1e.html"; VariantName = "[No Variations]"
Add component (AddParameter): Name = "Contact Gender"; Value = "Pin (Male)"; VariantName = "[No Variations]"
Add component (AddParameter): Name = "Contact Plating"; Value = "Gold"; VariantName = "[No Variations]"
Add component (AddParameter): Name = "Contact Type"; Value = "-"; VariantName = "[No Variations]"
Add component (AddParameter): Name = "Manufacturer"; Value = "Cromax"; VariantName = "[No Variations]"
Add component (AddParameter): Name = "Manufacturer Part Number"; Value = "IMP10327"; VariantName = "[No Variations]"
Add component (AddParameter): Name = "Minimum Order Quantity"; Value = "1"; VariantName = "[No Variations]"
Add component (AddParameter): Name = "Mounting Angle"; Value = "Vertical"; VariantName = "[No Variations]"
Add component (AddParameter): Name = "Mounting Style"; Value = "Straight Pin"; VariantName = "[No Variations]"
Add component (AddParameter): Name = "Number of Positions"; Value = "40 Position"; VariantName = "[No Variations]"
Add component (AddParameter): Name = "Number of Rows"; Value = "1 Row"; VariantName = "[No Variations]"
Add component (AddParameter): Name = "Pitch"; Value = "2 mm"; VariantName = "[No Variations]"
Add component (AddParameter): Name = "Pricing 1"; Value = "1=1.00, 5=0.20 (BRL)"; VariantName = "[No Variations]"
Add component (AddParameter): Name = "Product"; Value = "Headers"; VariantName = "[No Variations]"
Add component (AddParameter): Name = "Product Category"; Value = "Accessories"; VariantName = "[No Variations]"
Add component (AddParameter): Name = "Reeling"; Value = "False"; VariantName = "[No Variations]"
Add component (AddParameter): Name = "RoHS"; Value = "RoHS Compliant"; VariantName = "[No Variations]"
Add component (AddParameter): Name = "RoHS - Mouser"; Value = "Y"; VariantName = "[No Variations]"
Add component (AddParameter): Name = "Row Spacing"; Value = "-"; VariantName = "[No Variations]"
Add component (AddParameter): Name = "Stock 1"; Value = "14"; VariantName = "[No Variations]"
Add component (AddParameter): Name = "Supplier 1"; Value = "Mult Comercial"; VariantName = "[No Variations]"
Add component (AddParameter): Name = "Supplier Part Number 1"; Value = "Barra de Pinos Simples 1x40 Macho BMO40-1E"; VariantName = "[No Variations]"
Add component (AddParameter): Name = "Termination Style"; Value = "Through Hole"; VariantName = "[No Variations]"
Add component (AddParameter): Name = "Type"; Value = "Breakaway"; VariantName = "[No Variations]"
Added Component: Designator=P5(HDR1X2)
Add component (AddParameter): Name = "Accessory Type"; Value = "-"; VariantName = "[No Variations]"
Add component (AddParameter): Name = "Brand"; Value = "Cromax"; VariantName = "[No Variations]"
Add component (AddParameter): Name = "Category"; Value = "Headers & Wire Housings"; VariantName = "[No Variations]"
Add component (AddParameter): Name = "ComponentLink1Description"; Value = "http://loja.multcomercial.com.br/barra-de-pinos-simples-1x40-macho-bmo40-1e.html"; VariantName = "[No Variations]"
Add component (AddParameter): Name = "ComponentLink1URL"; Value = "http://loja.multcomercial.com.br/barra-de-pinos-simples-1x40-macho-bmo40-1e.html"; VariantName = "[No Variations]"
Add component (AddParameter): Name = "Contact Gender"; Value = "Pin (Male)"; VariantName = "[No Variations]"
Add component (AddParameter): Name = "Contact Plating"; Value = "Gold"; VariantName = "[No Variations]"
Add component (AddParameter): Name = "Contact Type"; Value = "-"; VariantName = "[No Variations]"
Add component (AddParameter): Name = "Manufacturer"; Value = "Cromax"; VariantName = "[No Variations]"
Add component (AddParameter): Name = "Manufacturer Part Number"; Value = "IMP10327"; VariantName = "[No Variations]"
Add component (AddParameter): Name = "Minimum Order Quantity"; Value = "1"; VariantName = "[No Variations]"
Add component (AddParameter): Name = "Mounting Angle"; Value = "Vertical"; VariantName = "[No Variations]"
Add component (AddParameter): Name = "Mounting Style"; Value = "Straight Pin"; VariantName = "[No Variations]"
Add component (AddParameter): Name = "Number of Positions"; Value = "40 Position"; VariantName = "[No Variations]"
Add component (AddParameter): Name = "Number of Rows"; Value = "1 Row"; VariantName = "[No Variations]"
Add component (AddParameter): Name = "Pitch"; Value = "2 mm"; VariantName = "[No Variations]"
Add component (AddParameter): Name = "Pricing 1"; Value = "1=1.00, 5=0.20 (BRL)"; VariantName = "[No Variations]"
Add component (AddParameter): Name = "Product"; Value = "Headers"; VariantName = "[No Variations]"
Add component (AddParameter): Name = "Product Category"; Value = "Accessories"; VariantName = "[No Variations]"
Add component (AddParameter): Name = "Reeling"; Value = "False"; VariantName = "[No Variations]"
Add component (AddParameter): Name = "RoHS"; Value = "RoHS Compliant"; VariantName = "[No Variations]"
Add component (AddParameter): Name = "RoHS - Mouser"; Value = "Y"; VariantName = "[No Variations]"
Add component (AddParameter): Name = "Row Spacing"; Value = "-"; VariantName = "[No Variations]"
Add component (AddParameter): Name = "Stock 1"; Value = "14"; VariantName = "[No Variations]"
Add component (AddParameter): Name = "Supplier 1"; Value = "Mult Comercial"; VariantName = "[No Variations]"
Add component (AddParameter): Name = "Supplier Part Number 1"; Value = "Barra de Pinos Simples 1x40 Macho BMO40-1E"; VariantName = "[No Variations]"
Add component (AddParameter): Name = "Termination Style"; Value = "Through Hole"; VariantName = "[No Variations]"
Add component (AddParameter): Name = "Type"; Value = "Breakaway"; VariantName = "[No Variations]"
Added Component: Designator=P6(HDR1X2)
Add component (AddParameter): Name = "Accessory Type"; Value = "-"; VariantName = "[No Variations]"
Add component (AddParameter): Name = "Brand"; Value = "Cromax"; VariantName = "[No Variations]"
Add component (AddParameter): Name = "Category"; Value = "Headers & Wire Housings"; VariantName = "[No Variations]"
Add component (AddParameter): Name = "ComponentLink1Description"; Value = "http://loja.multcomercial.com.br/barra-de-pinos-simples-1x40-macho-bmo40-1e.html"; VariantName = "[No Variations]"
Add component (AddParameter): Name = "ComponentLink1URL"; Value = "http://loja.multcomercial.com.br/barra-de-pinos-simples-1x40-macho-bmo40-1e.html"; VariantName = "[No Variations]"
Add component (AddParameter): Name = "Contact Gender"; Value = "Pin (Male)"; VariantName = "[No Variations]"
Add component (AddParameter): Name = "Contact Plating"; Value = "Gold"; VariantName = "[No Variations]"
Add component (AddParameter): Name = "Contact Type"; Value = "-"; VariantName = "[No Variations]"
Add component (AddParameter): Name = "Manufacturer"; Value = "Cromax"; VariantName = "[No Variations]"
Add component (AddParameter): Name = "Manufacturer Part Number"; Value = "IMP10327"; VariantName = "[No Variations]"
Add component (AddParameter): Name = "Minimum Order Quantity"; Value = "1"; VariantName = "[No Variations]"
Add component (AddParameter): Name = "Mounting Angle"; Value = "Vertical"; VariantName = "[No Variations]"
Add component (AddParameter): Name = "Mounting Style"; Value = "Straight Pin"; VariantName = "[No Variations]"
Add component (AddParameter): Name = "Number of Positions"; Value = "40 Position"; VariantName = "[No Variations]"
Add component (AddParameter): Name = "Number of Rows"; Value = "1 Row"; VariantName = "[No Variations]"
Add component (AddParameter): Name = "Pitch"; Value = "2 mm"; VariantName = "[No Variations]"
Add component (AddParameter): Name = "Pricing 1"; Value = "1=1.00, 5=0.20 (BRL)"; VariantName = "[No Variations]"
Add component (AddParameter): Name = "Product"; Value = "Headers"; VariantName = "[No Variations]"
Add component (AddParameter): Name = "Product Category"; Value = "Accessories"; VariantName = "[No Variations]"
Add component (AddParameter): Name = "Reeling"; Value = "False"; VariantName = "[No Variations]"
Add component (AddParameter): Name = "RoHS"; Value = "RoHS Compliant"; VariantName = "[No Variations]"
Add component (AddParameter): Name = "RoHS - Mouser"; Value = "Y"; VariantName = "[No Variations]"
Add component (AddParameter): Name = "Row Spacing"; Value = "-"; VariantName = "[No Variations]"
Add component (AddParameter): Name = "Stock 1"; Value = "14"; VariantName = "[No Variations]"
Add component (AddParameter): Name = "Supplier 1"; Value = "Mult Comercial"; VariantName = "[No Variations]"
Add component (AddParameter): Name = "Supplier Part Number 1"; Value = "Barra de Pinos Simples 1x40 Macho BMO40-1E"; VariantName = "[No Variations]"
Add component (AddParameter): Name = "Termination Style"; Value = "Through Hole"; VariantName = "[No Variations]"
Add component (AddParameter): Name = "Type"; Value = "Breakaway"; VariantName = "[No Variations]"
Added Component: Designator=P7(HDR1X2)
Add component (AddParameter): Name = "Accessory Type"; Value = "-"; VariantName = "[No Variations]"
Add component (AddParameter): Name = "Brand"; Value = "Cromax"; VariantName = "[No Variations]"
Add component (AddParameter): Name = "Category"; Value = "Headers & Wire Housings"; VariantName = "[No Variations]"
Add component (AddParameter): Name = "ComponentLink1Description"; Value = "http://loja.multcomercial.com.br/barra-de-pinos-simples-1x40-macho-bmo40-1e.html"; VariantName = "[No Variations]"
Add component (AddParameter): Name = "ComponentLink1URL"; Value = "http://loja.multcomercial.com.br/barra-de-pinos-simples-1x40-macho-bmo40-1e.html"; VariantName = "[No Variations]"
Add component (AddParameter): Name = "Contact Gender"; Value = "Pin (Male)"; VariantName = "[No Variations]"
Add component (AddParameter): Name = "Contact Plating"; Value = "Gold"; VariantName = "[No Variations]"
Add component (AddParameter): Name = "Contact Type"; Value = "-"; VariantName = "[No Variations]"
Add component (AddParameter): Name = "Manufacturer"; Value = "Cromax"; VariantName = "[No Variations]"
Add component (AddParameter): Name = "Manufacturer Part Number"; Value = "IMP10327"; VariantName = "[No Variations]"
Add component (AddParameter): Name = "Minimum Order Quantity"; Value = "1"; VariantName = "[No Variations]"
Add component (AddParameter): Name = "Mounting Angle"; Value = "Vertical"; VariantName = "[No Variations]"
Add component (AddParameter): Name = "Mounting Style"; Value = "Straight Pin"; VariantName = "[No Variations]"
Add component (AddParameter): Name = "Number of Positions"; Value = "40 Position"; VariantName = "[No Variations]"
Add component (AddParameter): Name = "Number of Rows"; Value = "1 Row"; VariantName = "[No Variations]"
Add component (AddParameter): Name = "Pitch"; Value = "2 mm"; VariantName = "[No Variations]"
Add component (AddParameter): Name = "Pricing 1"; Value = "1=1.00, 5=0.20 (BRL)"; VariantName = "[No Variations]"
Add component (AddParameter): Name = "Product"; Value = "Headers"; VariantName = "[No Variations]"
Add component (AddParameter): Name = "Product Category"; Value = "Accessories"; VariantName = "[No Variations]"
Add component (AddParameter): Name = "Reeling"; Value = "False"; VariantName = "[No Variations]"
Add component (AddParameter): Name = "RoHS"; Value = "RoHS Compliant"; VariantName = "[No Variations]"
Add component (AddParameter): Name = "RoHS - Mouser"; Value = "Y"; VariantName = "[No Variations]"
Add component (AddParameter): Name = "Row Spacing"; Value = "-"; VariantName = "[No Variations]"
Add component (AddParameter): Name = "Stock 1"; Value = "14"; VariantName = "[No Variations]"
Add component (AddParameter): Name = "Supplier 1"; Value = "Mult Comercial"; VariantName = "[No Variations]"
Add component (AddParameter): Name = "Supplier Part Number 1"; Value = "Barra de Pinos Simples 1x40 Macho BMO40-1E"; VariantName = "[No Variations]"
Add component (AddParameter): Name = "Termination Style"; Value = "Through Hole"; VariantName = "[No Variations]"
Add component (AddParameter): Name = "Type"; Value = "Breakaway"; VariantName = "[No Variations]"
Added Component: Designator=U1(TO220AB)
Add component (AddParameter): Name = "Brand"; Value = "STMicroelectronics"; VariantName = "[No Variations]"
Add component (AddParameter): Name = "Category"; Value = "Linear Voltage Regulators"; VariantName = "[No Variations]"
Add component (AddParameter): Name = "ComponentLink1Description"; Value = "http://loja.multcomercial.com.br/regulador-de-tens-o-linear-l7805cv-5v-1a-positivo-stmicroelectronics-cod-loja-03.html"; VariantName = "[No Variations]"
Add component (AddParameter): Name = "ComponentLink1URL"; Value = "http://loja.multcomercial.com.br/regulador-de-tens-o-linear-l7805cv-5v-1a-positivo-stmicroelectronics-cod-loja-03.html"; VariantName = "[No Variations]"
Add component (AddParameter): Name = "Input Voltage MAX"; Value = "35 V"; VariantName = "[No Variations]"
Add component (AddParameter): Name = "Input Voltage MIN"; Value = "7 V"; VariantName = "[No Variations]"
Add component (AddParameter): Name = "Line Regulation"; Value = "100 mV"; VariantName = "[No Variations]"
Add component (AddParameter): Name = "Load Regulation"; Value = "100 mV"; VariantName = "[No Variations]"
Add component (AddParameter): Name = "Manufacturer"; Value = "STMicroelectronics"; VariantName = "[No Variations]"
Add component (AddParameter): Name = "Manufacturer Part Number"; Value = "L7805CV"; VariantName = "[No Variations]"
Add component (AddParameter): Name = "Maximum Operating Temperature"; Value = "+ 125 C"; VariantName = "[No Variations]"
Add component (AddParameter): Name = "Minimum Operating Temperature"; Value = "0 C"; VariantName = "[No Variations]"
Add component (AddParameter): Name = "Minimum Order Quantity"; Value = "1"; VariantName = "[No Variations]"
Add component (AddParameter): Name = "Mounting Style"; Value = "Through Hole"; VariantName = "[No Variations]"
Add component (AddParameter): Name = "Number of Outputs"; Value = "1"; VariantName = "[No Variations]"
Add component (AddParameter): Name = "Output Current"; Value = "1.5 A"; VariantName = "[No Variations]"
Add component (AddParameter): Name = "Output Type"; Value = "Fixed"; VariantName = "[No Variations]"
Add component (AddParameter): Name = "Output Voltage"; Value = "5 V"; VariantName = "[No Variations]"
Add component (AddParameter): Name = "Package / Case"; Value = "TO-220"; VariantName = "[No Variations]"
Add component (AddParameter): Name = "Packaging"; Value = "Tube"; VariantName = "[No Variations]"
Add component (AddParameter): Name = "Polarity"; Value = "Positive"; VariantName = "[No Variations]"
Add component (AddParameter): Name = "Pricing 1"; Value = "1=1.100 (BRL)"; VariantName = "[No Variations]"
Add component (AddParameter): Name = "PSRR / Ripple Rejection - Typ"; Value = "62 dB"; VariantName = "[No Variations]"
Add component (AddParameter): Name = "Reeling"; Value = "False"; VariantName = "[No Variations]"
Add component (AddParameter): Name = "RoHS"; Value = "RoHS Compliant"; VariantName = "[No Variations]"
Add component (AddParameter): Name = "RoHS - Mouser"; Value = "Y"; VariantName = "[No Variations]"
Add component (AddParameter): Name = "Series"; Value = "L7805"; VariantName = "[No Variations]"
Add component (AddParameter): Name = "Standard Pack Qty"; Value = "1000"; VariantName = "[No Variations]"
Add component (AddParameter): Name = "Stock 1"; Value = "26176"; VariantName = "[No Variations]"
Add component (AddParameter): Name = "Supplier 1"; Value = "Mult Comercial"; VariantName = "[No Variations]"
Add component (AddParameter): Name = "Supplier Part Number 1"; Value = "Regulador de Tensão Linear L7805CV 5V 1A Positivo TO220 - STMicroelectronics - Cód. Loja 03"; VariantName = "[No Variations]"
Add Component: Footprint Not Found MODULE_ESP32-DEVKITC-32D
Add Component: Footprint Not Found MODULE_ESP32-DEVKITC-32D
Added Component: Designator=U4(CONV_BOB-12009)
Add component (AddParameter): Name = "Check_prices"; Value = "https://www.snapeda.com/parts/BOB-12009/SparkFun/view-part/?ref=eda"; VariantName = "[No Variations]"
Add component (AddParameter): Name = "MF"; Value = "SparkFun"; VariantName = "[No Variations]"
Add component (AddParameter): Name = "MP"; Value = "BOB-12009"; VariantName = "[No Variations]"
Add component (AddParameter): Name = "Package"; Value = "None"; VariantName = "[No Variations]"
Add component (AddParameter): Name = "SnapEDA_Link"; Value = "https://www.snapeda.com/parts/BOB-12009/SparkFun/view-part/?ref=snap"; VariantName = "[No Variations]"
Add component (AddParameter): Name = "Value"; Value = ""; VariantName = "[No Variations]"
Added Component: Designator=U5(CONV_BOB-12009)
Add component (AddParameter): Name = "Check_prices"; Value = "https://www.snapeda.com/parts/BOB-12009/SparkFun/view-part/?ref=eda"; VariantName = "[No Variations]"
Add component (AddParameter): Name = "MF"; Value = "SparkFun"; VariantName = "[No Variations]"
Add component (AddParameter): Name = "MP"; Value = "BOB-12009"; VariantName = "[No Variations]"
Add component (AddParameter): Name = "Package"; Value = "None"; VariantName = "[No Variations]"
Add component (AddParameter): Name = "SnapEDA_Link"; Value = "https://www.snapeda.com/parts/BOB-12009/SparkFun/view-part/?ref=snap"; VariantName = "[No Variations]"
Add component (AddParameter): Name = "Value"; Value = ""; VariantName = "[No Variations]"
Added Pin To Net: NetName=+5V Pin=C2-1
Added Pin To Net: NetName=+5V Pin=C3-1
Added Pin To Net: NetName=+5V Pin=C4-1
Added Pin To Net: NetName=+5V Pin=LED-1-VDD
Added Pin To Net: NetName=+5V Pin=LED1-1-VDD
Added Pin To Net: NetName=+5V Pin=U1-3
Added Net: Name=+5V
Added Pin To Net: NetName=+6V Pin=C1-1
Added Pin To Net: NetName=+6V Pin=P1-1
Added Pin To Net: NetName=+6V Pin=U1-1
Added Net: Name=+6V
Added Pin To Net: NetName=3.3V Pin=U4-LV
Added Pin To Net: NetName=3.3V Pin=U5-LV
Added Net: Name=3.3V
Added Pin To Net: NetName=5V Pin=U4-HV
Added Pin To Net: NetName=5V Pin=U5-HV
Added Net: Name=5V
Added Pin To Net: NetName=D1_Backward Pin=U5-LV1
Added Net: Name=D1_Backward
Added Pin To Net: NetName=D1_B Pin=P6-2
Added Pin To Net: NetName=D1_B Pin=U5-HV1
Added Net: Name=D1_B
Added Pin To Net: NetName=D1_Forward Pin=U5-LV2
Added Net: Name=D1_Forward
Added Pin To Net: NetName=D1_F Pin=P6-1
Added Pin To Net: NetName=D1_F Pin=U5-HV2
Added Net: Name=D1_F
Added Pin To Net: NetName=D2_Backward Pin=U5-LV4
Added Net: Name=D2_Backward
Added Pin To Net: NetName=D2_B Pin=P7-2
Added Pin To Net: NetName=D2_B Pin=U5-HV4
Added Net: Name=D2_B
Added Pin To Net: NetName=D2_Forward Pin=U5-LV3
Added Net: Name=D2_Forward
Added Pin To Net: NetName=D2_F Pin=P7-1
Added Pin To Net: NetName=D2_F Pin=U5-HV3
Added Net: Name=D2_F
Added Pin To Net: NetName=GND Pin=C1-2
Added Pin To Net: NetName=GND Pin=C2-2
Added Pin To Net: NetName=GND Pin=C3-2
Added Pin To Net: NetName=GND Pin=C4-2
Added Pin To Net: NetName=GND Pin=LED-3-GND
Added Pin To Net: NetName=GND Pin=LED1-3-GND
Added Pin To Net: NetName=GND Pin=P1-2
Added Pin To Net: NetName=GND Pin=P2-2
Added Pin To Net: NetName=GND Pin=P3-2
Added Pin To Net: NetName=GND Pin=U1-2
Added Pin To Net: NetName=GND Pin=U4-GND_1
Added Pin To Net: NetName=GND Pin=U4-GND_2
Added Pin To Net: NetName=GND Pin=U5-GND_1
Added Pin To Net: NetName=GND Pin=U5-GND_2
Added Net: Name=GND
Added Pin To Net: NetName=LB Pin=P4-2
Added Pin To Net: NetName=LB Pin=U4-HV4
Added Net: Name=LB
Added Pin To Net: NetName=Left_Backward Pin=U4-LV4
Added Net: Name=Left_Backward
Added Pin To Net: NetName=Left_Forward Pin=U4-LV3
Added Net: Name=Left_Forward
Added Pin To Net: NetName=LF Pin=P4-1
Added Pin To Net: NetName=LF Pin=U4-HV3
Added Net: Name=LF
Added Net: Name=PB11
Added Net: Name=PB12
Added Net: Name=PB21
Added Net: Name=PB22
Added Pin To Net: NetName=RB Pin=P5-2
Added Pin To Net: NetName=RB Pin=U4-HV2
Added Net: Name=RB
Added Pin To Net: NetName=RF Pin=P5-1
Added Pin To Net: NetName=RF Pin=U4-HV1
Added Net: Name=RF
Added Pin To Net: NetName=RGB Pin=LED-4-DIN
Added Pin To Net: NetName=RGB Pin=LED1-4-DIN
Added Net: Name=RGB
Added Pin To Net: NetName=Right_Backward Pin=U4-LV2
Added Net: Name=Right_Backward
Added Pin To Net: NetName=Right_Forward Pin=U4-LV1
Added Net: Name=Right_Forward
Added Pin To Net: NetName=VCC Pin=P2-1
Added Pin To Net: NetName=VCC Pin=P3-1
Added Net: Name=VCC
Added Class: Name=Esquemático
Added Rule: Name=Schematic Supply Nets
Added Rule: Name=Schematic Supply Nets_1
Added Rule: Name=Schematic Supply Nets_2
Added Rule: Name=Schematic Supply Nets_3
Added Rule: Name=Schematic Supply Nets_4
Added Rule: Name=Schematic Supply Nets_5
