Removed Pin From Net: NetName=GND Pin=C1-2
Removed Pin From Net: NetName=+5V Pin=C2-1
Removed Pin From Net: NetName=GND Pin=C2-2
Removed Pin From Net: NetName=+5V Pin=C3-1
Removed Pin From Net: NetName=GND Pin=C3-2
Removed Pin From Net: NetName=+5V Pin=C4-1
Removed Pin From Net: NetName=GND Pin=C4-2
Removed Pin From Net: NetName=+5V Pin=LED1-1-VDD
Removed Pin From Net: NetName=GND Pin=LED1-3-GND
Removed Pin From Net: NetName=RGB Pin=LED1-4-DIN
Removed Pin From Net: NetName=+5V Pin=LED-1-VDD
Removed Pin From Net: NetName=GND Pin=LED-3-GND
Removed Pin From Net: NetName=RGB Pin=LED-4-DIN
Removed Pin From Net: NetName=VCC Pin=P1-1
Removed Pin From Net: NetName=GND Pin=P1-2
Removed Pin From Net: NetName=VCC Pin=P2-1
Removed Pin From Net: NetName=GND Pin=P2-2
Removed Pin From Net: NetName=GND Pin=P3-2
Removed Pin From Net: NetName=GND Pin=P10-1
Removed Pin From Net: NetName=+5V Pin=P10-2
Removed Pin From Net: NetName=RGB Pin=P10-3
Removed Pin From Net: NetName=GND Pin=U1-2
Removed Pin From Net: NetName=+5V Pin=U1-3
Removed Pin From Net: NetName=GND Pin=U3-J2-18
Removed Pin From Net: NetName=+5V Pin=U3-J2-19
Removed Pin From Net: NetName=GND Pin=U3-J3-18
Removed Member From Class: ClassName=Esquemático Member=C1
Removed Member From Class: ClassName=Esquemático Member=C2
Removed Member From Class: ClassName=Esquemático Member=C3
Removed Member From Class: ClassName=Esquemático Member=C4
Removed Member From Class: ClassName=Esquemático Member=LED1
Removed Member From Class: ClassName=Esquemático Member=LED
Removed Member From Class: ClassName=Esquemático Member=P1
Removed Member From Class: ClassName=Esquemático Member=P2
Removed Member From Class: ClassName=Esquemático Member=P3
Removed Member From Class: ClassName=Esquemático Member=P10
Removed Member From Class: ClassName=Esquemático Member=U1
Removed Member From Class: ClassName=Esquemático Member=U3
